===============================================================================
All tests passed (49 assertions in 2 test cases)

