===============================================================================
All tests passed (25 assertions in 1 test case)

