circle (5,5) 10
circle (-1,-1) 5
rectangle (1,1) (10,10)
filled_circle (-5,1) 17
filled_rectangle (2,0) (8,10)
